// Jest Snapshot v1, https://goo.gl/fbAQLP

exports[`<Player/> should render the <Player/> with a bunny video 1`] = `
<div
  class="player__Container-sc-1x2fuft-0"
>
  <button
    class="player__Button-sc-1x2fuft-4 ecIUGd"
  >
    Play
  </button>
</div>
`;
